[Licensing::Module] Trying to connect to existing licensing client channel...
Built from '6000.3/respin/6000.3.5f1-a1ec4b2f2d19' branch; Version is '6000.3.5f2 (3fa8bc678cb0) revision 4171964'; Using compiler version '194234433'; Build Type 'Release'
OS: 'Windows 11  (10.0.26200) CoreSingleLanguage' Language: 'es' Physical Memory: 7501 MB
[Licensing::IpcConnector] Successfully connected to: "LicenseClient-chave" at "2026-09-15T06:32:22.8713531Z"
BatchMode: 1, IsHumanControllingUs: 0, StartBugReporterOnCrash: 0, Is64bit: 1
System  architecture: x64
Process architecture: x64
Date: 2026-09-15T06:32:22Z
[Licensing::Client] Code 10 while verifying Licensing Client signature (process Id: 31456, path: "C:/Program Files/Unity Hub/UnityLicensingClient_V1/Unity.Licensing.Client.exe")
[Licensing::Module] LicensingClient has failed validation; ignoring
[Licensing::Client] Handshaking with LicensingClient:
  Version:                 1.18.3+d7ffd15
  Session Id:              36dbedb6a18d4a44b520ce9824331ef9
  Correlation Id:          1524db6a850b78055bcde2a5da9a2a1b
  External correlation Id: 5158418940566301896
  Machine Id:              q4ZEeMo5mlJ3svta/GAZrjM62SE=
[Licensing::Module] Successfully connected to LicensingClient on channel: "LicenseClient-chave" (connect: 0.00s, validation: 0.01s, handshake: 0.28s)
[Licensing::IpcConnector] Successfully connected to: "LicenseClient-chave-notifications" at "2026-09-15T06:32:23.1637761Z"
[Licensing::Module] Licensing Background thread has ended after 0.29s

COMMAND LINE ARGUMENTS:
C:\Program Files\Unity\Hub\Editor\6000.3.5f2\Editor\Unity.exe
-adb2
-batchMode
-noUpm
-name
AssetImportWorker2
-projectPath
C:/Users/chave/Parcial motores
-logFile
Logs/AssetImportWorker2.log
-srvPort
60226
-job-worker-count
5
-background-job-worker-count
8
-gc-helper-count
1
-name
AssetImport
Successfully changed project path to: C:/Users/chave/Parcial motores
C:/Users/chave/Parcial motores
[UnityMemory] Configuration Parameters - Can be set up in boot.config
    "memorysetup-temp-allocator-size-nav-mesh-worker=65536"
    "memorysetup-temp-allocator-size-audio-worker=65536"
    "memorysetup-temp-allocator-size-gfx=262144"
    "memorysetup-allocator-temp-initial-block-size-main=262144"
    "memorysetup-allocator-temp-initial-block-size-worker=262144"
    "memorysetup-temp-allocator-size-background-worker=32768"
    "memorysetup-temp-allocator-size-job-worker=262144"
    "memorysetup-temp-allocator-size-preload-manager=33554432"
    "memorysetup-temp-allocator-size-gi-baking-worker=262144"
    "memorysetup-temp-allocator-size-gi-baking-worker=262144"
    "memorysetup-temp-allocator-size-gi-baking-worker=262144"
    "memorysetup-temp-allocator-size-gi-baking-worker=262144"
    "memorysetup-temp-allocator-size-gi-baking-worker=262144"
    "memorysetup-bucket-allocator-granularity=16"
    "memorysetup-bucket-allocator-bucket-count=8"
    "memorysetup-bucket-allocator-block-size=33554432"
    "memorysetup-bucket-allocator-block-count=8"
    "memorysetup-main-allocator-block-size=16777216"
    "memorysetup-thread-allocator-block-size=16777216"
    "memorysetup-gfx-main-allocator-block-size=16777216"
    "memorysetup-gfx-thread-allocator-block-size=16777216"
    "memorysetup-cache-allocator-block-size=4194304"
    "memorysetup-typetree-allocator-block-size=2097152"
    "memorysetup-profiler-bucket-allocator-granularity=16"
    "memorysetup-profiler-bucket-allocator-bucket-count=8"
    "memorysetup-profiler-bucket-allocator-block-size=33554432"
    "memorysetup-profiler-bucket-allocator-block-count=8"
    "memorysetup-profiler-allocator-block-size=16777216"
    "memorysetup-profiler-editor-allocator-block-size=1048576"
    "memorysetup-temp-allocator-size-main=16777216"
    "memorysetup-job-temp-allocator-block-size=2097152"
    "memorysetup-job-temp-allocator-block-size-background=1048576"
    "memorysetup-job-temp-allocator-reduction-small-platforms=262144"
    "memorysetup-temp-allocator-size-cloud-worker=32768"
Player connection [39824]  Target information:

Player connection [39824]  * "[IP] 192.168.0.33 [Port] 0 [Flags] 2 [Guid] 2077601689 [EditorId] 2077601689 [Version] 1048832 [Id] WindowsEditor(7,LaptopHP) [Debug] 1 [PackageName] WindowsEditor [ProjectName] Editor" 

Player connection [39824] Host joined multi-casting on [225.0.0.222:54997]...
Player connection [39824] Host joined alternative multi-casting on [225.0.0.222:34997]...
JobSystem: Creating JobQueue using job-worker-count value 5
Input System module state changed to: Initialized.
[Physics::Module] Initialized fallback backend.
[Physics::Module] Id: 0xdecafbad
Library Redirect Path: Library/
[Physics::Module] Selected backend.
[Physics::Module] Name: PhysX
[Physics::Module] Id: 0xf2b8ea05
[Physics::Module] SDK Version: 4.1.2
[Physics::Module] Integration Version: 1.0.0
[Physics::Module] Threading Mode: Multi-Threaded
Refreshing native plugins compatible for Editor in 193.98 ms, found 3 plugins.
Preloading 0 native plugins for Editor in 0.00 ms.
Initialize engine version: 6000.3.5f2 (3fa8bc678cb0)
[Subsystems] Discovering subsystems at path C:/Program Files/Unity/Hub/Editor/6000.3.5f2/Editor/Data/Resources/UnitySubsystems
[Subsystems] Discovering subsystems at path C:/Users/chave/Parcial motores/Assets
GfxDevice: creating device client; kGfxThreadingModeNonThreaded
Direct3D:
    Version:  Direct3D 11.0 [level 11.1]
    Renderer: AMD Radeon(TM) Graphics (ID=0x164c)
    Vendor:   ATI
    VRAM:     3750 MB
    Driver:   31.0.21914.8004
Initialize mono
Mono path[0] = 'C:/Program Files/Unity/Hub/Editor/6000.3.5f2/Editor/Data/Managed'
Mono path[1] = 'C:/Program Files/Unity/Hub/Editor/6000.3.5f2/Editor/Data/MonoBleedingEdge/lib/mono/unityjit-win32'
Mono config path = 'C:/Program Files/Unity/Hub/Editor/6000.3.5f2/Editor/Data/MonoBleedingEdge/etc'
Using monoOptions --debugger-agent=transport=dt_socket,embedding=1,server=y,suspend=n,address=127.0.0.1:56820
Begin MonoManager ReloadAssembly
Registering precompiled unity dll's ...
Register platform support module: C:/Program Files/Unity/Hub/Editor/6000.3.5f2/Editor/Data/PlaybackEngines/WindowsStandaloneSupport/UnityEditor.WindowsStandalone.Extensions.dll
Registered in 0.004263 seconds.
- Loaded All Assemblies, in  1.866 seconds
Native extension for WindowsStandalone target not found
ScheduleIndexationOnStartup MainProcess:False IndexOnStartup:True
Mono: successfully reloaded assembly
- Finished resetting the current domain, in  0.625 seconds
Domain Reload Profiling: 2488ms
	BeginReloadAssembly (300ms)
		ExecutionOrderSort (0ms)
		DisableScriptedObjects (0ms)
		BackupInstance (0ms)
		ReleaseScriptingObjects (0ms)
		CreateAndSetChildDomain (1ms)
	RebuildCommonClasses (500ms)
	RebuildNativeTypeToScriptingClass (17ms)
	initialDomainReloadingComplete (66ms)
	LoadAllAssembliesAndSetupDomain (979ms)
		LoadAssemblies (295ms)
		RebuildTransferFunctionScriptingTraits (0ms)
		AnalyzeDomain (975ms)
			TypeCache.Refresh (972ms)
				TypeCache.ScanAssembly (709ms)
			BuildScriptInfoCaches (0ms)
			ResolveRequiredComponents (1ms)
	FinalizeReload (626ms)
		ReleaseScriptCaches (0ms)
		RebuildScriptCaches (0ms)
		SetupLoadedEditorAssemblies (564ms)
			LogAssemblyErrors (0ms)
			InitializePlatformSupportModulesInManaged (81ms)
			SetLoadedEditorAssemblies (6ms)
			BeforeProcessingInitializeOnLoad (115ms)
			ProcessInitializeOnLoadAttributes (232ms)
			ProcessInitializeOnLoadMethodAttributes (129ms)
			AfterProcessingInitializeOnLoad (0ms)
			EditorAssembliesLoaded (0ms)
		ExecutionOrderSort2 (0ms)
		AwakeInstancesAfterBackupRestoration (0ms)
========================================================================
Worker process is ready to serve import requests
Import Worker Mode flag is 0x00
Begin MonoManager ReloadAssembly
[Licensing::Client] Successfully resolved entitlement details
[Licensing::Module] License group:
  Id: F4-2FPQ-QBGW-HGYZ-P72Y-XXXX
  Product: Unity Personal
  Type: ULF
  Expiration: Unlimited
[Licensing::Module] License group:
  Id: 4673695811053-UnityPersXXXX
  Product: Unity Personal
  Type: Assigned
  Expiration: Unlimited
- Loaded All Assemblies, in  1.208 seconds
Refreshing native plugins compatible for Editor in 1.76 ms, found 3 plugins.
Native extension for WindowsStandalone target not found
Package Manager log level set to [2]
[Package Manager] Failed to launch server process. Reason: Unity was launched with the -noUpm command-line argument
[Package Manager] Unable to send message (not connected to server process).
[Package Manager] Cannot connect to Unity Package Manager local server
ScheduleIndexationOnStartup MainProcess:False IndexOnStartup:True
Mono: successfully reloaded assembly
- Finished resetting the current domain, in  1.336 seconds
Domain Reload Profiling: 2536ms
	BeginReloadAssembly (245ms)
		ExecutionOrderSort (0ms)
		DisableScriptedObjects (8ms)
		BackupInstance (0ms)
		ReleaseScriptingObjects (0ms)
		CreateAndSetChildDomain (39ms)
	RebuildCommonClasses (46ms)
	RebuildNativeTypeToScriptingClass (16ms)
	initialDomainReloadingComplete (55ms)
	LoadAllAssembliesAndSetupDomain (838ms)
		LoadAssemblies (674ms)
		RebuildTransferFunctionScriptingTraits (0ms)
		AnalyzeDomain (305ms)
			TypeCache.Refresh (219ms)
				TypeCache.ScanAssembly (201ms)
			BuildScriptInfoCaches (70ms)
			ResolveRequiredComponents (12ms)
	FinalizeReload (1337ms)
		ReleaseScriptCaches (0ms)
		RebuildScriptCaches (0ms)
		SetupLoadedEditorAssemblies (682ms)
			LogAssemblyErrors (0ms)
			InitializePlatformSupportModulesInManaged (2ms)
			SetLoadedEditorAssemblies (5ms)
			BeforeProcessingInitializeOnLoad (178ms)
			ProcessInitializeOnLoadAttributes (417ms)
			ProcessInitializeOnLoadMethodAttributes (71ms)
			AfterProcessingInitializeOnLoad (8ms)
			EditorAssembliesLoaded (0ms)
		ExecutionOrderSort2 (0ms)
		AwakeInstancesAfterBackupRestoration (7ms)
Launched and connected shader compiler UnityShaderCompiler.exe after 0.06 seconds
Refreshing native plugins compatible for Editor in 1.66 ms, found 3 plugins.
Preloading 0 native plugins for Editor in 0.00 ms.
Unloading 16 Unused Serialized files (Serialized files now loaded: 0)
Unloading 6224 unused Assets / (6.0 MB). Loaded Objects now: 7022.
Memory consumption went from 145.8 MB to 139.8 MB.
Total: 13.680500 ms (FindLiveObjects: 1.333400 ms CreateObjectMapping: 0.979900 ms MarkObjects: 6.683600 ms  DeleteObjects: 4.678800 ms)

========================================================================
Received Import Request.
  Time since last request: 359956.468865 seconds.
  path: Assets/Plank
  artifactKey: Guid(cfad697515393f748b0d700042dbcaff) Importer(815301076,1909f56bfc062723c751e8b465ee728b)
Start importing Assets/Plank using Guid(cfad697515393f748b0d700042dbcaff) Importer(815301076,1909f56bfc062723c751e8b465ee728b) (PreviewImporter) -> (artifact id: '9b9bf685ed66e6338c8f6d25c2350ba3') in 0.0151461 seconds
Number of updated asset objects reloaded before import = 0Number of asset objects unloaded after import = 0

========================================================================
Received Import Request.
  Time since last request: 0.864042 seconds.
  path: Assets/Plank
  artifactKey: Guid(cfad697515393f748b0d700042dbcaff) Importer(2089858483,b0f066a214c2f5e87bad3c948f4d605d)
Start importing Assets/Plank using Guid(cfad697515393f748b0d700042dbcaff) Importer(2089858483,b0f066a214c2f5e87bad3c948f4d605d) (ScriptedImporter) -> (artifact id: '79fbdec49690dde3a1aa32a7a0ca1bd9') in 0.0582402 seconds
Number of updated asset objects reloaded before import = 0Number of asset objects unloaded after import = 1

========================================================================
Received Import Request.
  Time since last request: 3.638193 seconds.
  path: Assets/Plank/plank_broken.fbx
  artifactKey: Guid(235fa7c1edcad5e4094a9cfadb597b67) Importer(2089858483,b0f066a214c2f5e87bad3c948f4d605d)
Start importing Assets/Plank/plank_broken.fbx using Guid(235fa7c1edcad5e4094a9cfadb597b67) Importer(2089858483,b0f066a214c2f5e87bad3c948f4d605d) (ScriptedImporter) -> (artifact id: '58c131ddf23934f042438052021b8cc9') in 0.14493 seconds
Number of updated asset objects reloaded before import = 0Number of asset objects unloaded after import = 8

========================================================================
Received Import Request.
  Time since last request: 1.837374 seconds.
  path: Assets/Rock/rock.glb
  artifactKey: Guid(cf91638eb48436948a9668992a9f77ad) Importer(2089858483,b0f066a214c2f5e87bad3c948f4d605d)
Start importing Assets/Rock/rock.glb using Guid(cf91638eb48436948a9668992a9f77ad) Importer(2089858483,b0f066a214c2f5e87bad3c948f4d605d) (ScriptedImporter) -> (artifact id: '18c67e0cbac97c1d16531e936424a39b') in 0.0169675 seconds
Number of updated asset objects reloaded before import = 0Number of asset objects unloaded after import = 1

========================================================================
Received Import Request.
  Time since last request: 1.155120 seconds.
  path: Assets/Rock/rock.glb
  artifactKey: Guid(cf91638eb48436948a9668992a9f77ad) Importer(815301076,1909f56bfc062723c751e8b465ee728b)
Start importing Assets/Rock/rock.glb using Guid(cf91638eb48436948a9668992a9f77ad) Importer(815301076,1909f56bfc062723c751e8b465ee728b) (PreviewImporter) -> (artifact id: '3de1fc8b82279011967a40e54d3c3f1c') in 0.0240764 seconds
Number of updated asset objects reloaded before import = 0Number of asset objects unloaded after import = 1

========================================================================
Received Import Request.
  Time since last request: 54.728569 seconds.
  path: Assets/Plank/plank.fbx
  artifactKey: Guid(235fa7c1edcad5e4094a9cfadb597b67) Importer(815301076,1909f56bfc062723c751e8b465ee728b)
Start importing Assets/Plank/plank.fbx using Guid(235fa7c1edcad5e4094a9cfadb597b67) Importer(815301076,1909f56bfc062723c751e8b465ee728b) (PreviewImporter) -> (artifact id: '904d1696a67f8c64ba9e67fb18a39ac0') in 0.726226 seconds
Number of updated asset objects reloaded before import = 0Number of asset objects unloaded after import = 8

========================================================================
Received Import Request.
  Time since last request: 0.173167 seconds.
  path: Assets/Plank/plank.fbx
  artifactKey: Guid(235fa7c1edcad5e4094a9cfadb597b67) Importer(2089858483,b0f066a214c2f5e87bad3c948f4d605d)
Start importing Assets/Plank/plank.fbx using Guid(235fa7c1edcad5e4094a9cfadb597b67) Importer(2089858483,b0f066a214c2f5e87bad3c948f4d605d) (ScriptedImporter) -> (artifact id: '22b49e6dd78c08177ed325e85926ed82') in 0.0167473 seconds
Number of updated asset objects reloaded before import = 0Number of asset objects unloaded after import = 8

========================================================================
Received Import Request.
  Time since last request: 21.540236 seconds.
  path: Assets/Plank/plank.prefab
  artifactKey: Guid(503f50dcb24ea5f49a49a18bf4e2a07d) Importer(815301076,1909f56bfc062723c751e8b465ee728b)
Start importing Assets/Plank/plank.prefab using Guid(503f50dcb24ea5f49a49a18bf4e2a07d) Importer(815301076,1909f56bfc062723c751e8b465ee728b) (PreviewImporter) -> (artifact id: '52954fef3a36b8fae4c0d5922b295f92') in 0.0237588 seconds
Number of updated asset objects reloaded before import = 0Number of asset objects unloaded after import = 15

========================================================================
Received Import Request.
  Time since last request: 0.889640 seconds.
  path: Assets/Plank/plank.prefab
  artifactKey: Guid(503f50dcb24ea5f49a49a18bf4e2a07d) Importer(2089858483,b0f066a214c2f5e87bad3c948f4d605d)
Start importing Assets/Plank/plank.prefab using Guid(503f50dcb24ea5f49a49a18bf4e2a07d) Importer(2089858483,b0f066a214c2f5e87bad3c948f4d605d) (ScriptedImporter) -> (artifact id: 'e5334f5956b0e43f33fe4d558faa8559') in 0.0192843 seconds
Number of updated asset objects reloaded before import = 0Number of asset objects unloaded after import = 14

========================================================================
Received Import Request.
  Time since last request: 67.178708 seconds.
  path: Assets/Scripts/RopeScript.cs
  artifactKey: Guid(86da4051acd335140bdc0cbf5769cff4) Importer(815301076,1909f56bfc062723c751e8b465ee728b)
Start importing Assets/Scripts/RopeScript.cs using Guid(86da4051acd335140bdc0cbf5769cff4) Importer(815301076,1909f56bfc062723c751e8b465ee728b) (PreviewImporter) -> (artifact id: '935bc9aa17c562d1a4fb53776e2aba01') in 0.0013933 seconds
Number of updated asset objects reloaded before import = 0Number of asset objects unloaded after import = 0

========================================================================
Received Prepare
Refreshing native plugins compatible for Editor in 3.71 ms, found 3 plugins.
Preloading 0 native plugins for Editor in 0.00 ms.
Unloading 16 Unused Serialized files (Serialized files now loaded: 0)
Unloading 6216 unused Assets / (4.6 MB). Loaded Objects now: 7183.
Memory consumption went from 151.9 MB to 147.3 MB.
Total: 19.791900 ms (FindLiveObjects: 2.429000 ms CreateObjectMapping: 1.642100 ms MarkObjects: 11.809400 ms  DeleteObjects: 3.909400 ms)

Prepare: number of updated asset objects reloaded= 0
========================================================================
Received Import Request.
  Time since last request: 66.849098 seconds.
  path: Assets/plankScript.cs
  artifactKey: Guid(6a8f0ce4f48cec2409f6c18af11d6bc8) Importer(2089858483,b0f066a214c2f5e87bad3c948f4d605d)
Start importing Assets/plankScript.cs using Guid(6a8f0ce4f48cec2409f6c18af11d6bc8) Importer(2089858483,b0f066a214c2f5e87bad3c948f4d605d) (ScriptedImporter) -> (artifact id: 'b41e631271ae979f10b7564b5564e768') in 0.0203364 seconds
Number of updated asset objects reloaded before import = 0Number of asset objects unloaded after import = 0

========================================================================
Received Prepare
Begin MonoManager ReloadAssembly
[Licensing::Client] Successfully resolved entitlement details
[Licensing::Module] License group:
  Id: F4-2FPQ-QBGW-HGYZ-P72Y-XXXX
  Product: Unity Personal
  Type: ULF
  Expiration: Unlimited
[Licensing::Module] License group:
  Id: 4673695811053-UnityPersXXXX
  Product: Unity Personal
  Type: Assigned
  Expiration: Unlimited
- Loaded All Assemblies, in  1.242 seconds
Refreshing native plugins compatible for Editor in 3.30 ms, found 3 plugins.
Native extension for WindowsStandalone target not found
[Package Manager] Failed to launch server process. Reason: Unity was launched with the -noUpm command-line argument
[Package Manager] Unable to send message (not connected to server process).
[Package Manager] Cannot connect to Unity Package Manager local server
ScheduleIndexationOnStartup MainProcess:False IndexOnStartup:True
Mono: successfully reloaded assembly
- Finished resetting the current domain, in  1.394 seconds
Domain Reload Profiling: 2635ms
	BeginReloadAssembly (377ms)
		ExecutionOrderSort (0ms)
		DisableScriptedObjects (30ms)
		BackupInstance (0ms)
		ReleaseScriptingObjects (0ms)
		CreateAndSetChildDomain (104ms)
	RebuildCommonClasses (51ms)
	RebuildNativeTypeToScriptingClass (17ms)
	initialDomainReloadingComplete (41ms)
	LoadAllAssembliesAndSetupDomain (754ms)
		LoadAssemblies (643ms)
		RebuildTransferFunctionScriptingTraits (0ms)
		AnalyzeDomain (265ms)
			TypeCache.Refresh (14ms)
				TypeCache.ScanAssembly (0ms)
			BuildScriptInfoCaches (231ms)
			ResolveRequiredComponents (14ms)
	FinalizeReload (1395ms)
		ReleaseScriptCaches (0ms)
		RebuildScriptCaches (0ms)
		SetupLoadedEditorAssemblies (1066ms)
			LogAssemblyErrors (0ms)
			InitializePlatformSupportModulesInManaged (4ms)
			SetLoadedEditorAssemblies (10ms)
			BeforeProcessingInitializeOnLoad (293ms)
			ProcessInitializeOnLoadAttributes (623ms)
			ProcessInitializeOnLoadMethodAttributes (126ms)
			AfterProcessingInitializeOnLoad (10ms)
			EditorAssembliesLoaded (1ms)
		ExecutionOrderSort2 (0ms)
		AwakeInstancesAfterBackupRestoration (23ms)
Refreshing native plugins compatible for Editor in 2.00 ms, found 3 plugins.
Preloading 0 native plugins for Editor in 0.00 ms.
Unloading 16 Unused Serialized files (Serialized files now loaded: 0)
Unloading 6221 unused Assets / (4.4 MB). Loaded Objects now: 7107.
Memory consumption went from 153.6 MB to 149.2 MB.
Total: 17.435200 ms (FindLiveObjects: 1.291100 ms CreateObjectMapping: 1.305700 ms MarkObjects: 9.206100 ms  DeleteObjects: 5.629200 ms)

Prepare: number of updated asset objects reloaded= 0
========================================================================
Received Import Request.
  Time since last request: 18.553216 seconds.
  path: Assets/Plank/plank.prefab
  artifactKey: Guid(503f50dcb24ea5f49a49a18bf4e2a07d) Importer(815301076,1909f56bfc062723c751e8b465ee728b)
Start importing Assets/Plank/plank.prefab using Guid(503f50dcb24ea5f49a49a18bf4e2a07d) Importer(815301076,1909f56bfc062723c751e8b465ee728b) (PreviewImporter) -> (artifact id: 'bf5731ad17e23ba34e322f64e04afd34') in 0.7234242 seconds
Number of updated asset objects reloaded before import = 0Number of asset objects unloaded after import = 16

========================================================================
Received Import Request.
  Time since last request: 0.021752 seconds.
  path: Assets/plankScript.cs
  artifactKey: Guid(6a8f0ce4f48cec2409f6c18af11d6bc8) Importer(815301076,1909f56bfc062723c751e8b465ee728b)
Start importing Assets/plankScript.cs using Guid(6a8f0ce4f48cec2409f6c18af11d6bc8) Importer(815301076,1909f56bfc062723c751e8b465ee728b) (PreviewImporter) -> (artifact id: '60183380a86a5335bf421a486f3b1d65') in 0.0010245 seconds
Number of updated asset objects reloaded before import = 0Number of asset objects unloaded after import = 0

========================================================================
Received Prepare
Refreshing native plugins compatible for Editor in 2.32 ms, found 3 plugins.
Preloading 0 native plugins for Editor in 0.00 ms.
Unloading 16 Unused Serialized files (Serialized files now loaded: 0)
Unloading 6216 unused Assets / (4.6 MB). Loaded Objects now: 7219.
Memory consumption went from 158.5 MB to 153.9 MB.
Total: 24.139500 ms (FindLiveObjects: 1.989500 ms CreateObjectMapping: 1.639700 ms MarkObjects: 15.393100 ms  DeleteObjects: 5.113800 ms)

Prepare: number of updated asset objects reloaded= 0
========================================================================
Received Import Request.
  Time since last request: 19.093731 seconds.
  path: Assets/plankScript.cs
  artifactKey: Guid(6a8f0ce4f48cec2409f6c18af11d6bc8) Importer(815301076,1909f56bfc062723c751e8b465ee728b)
Start importing Assets/plankScript.cs using Guid(6a8f0ce4f48cec2409f6c18af11d6bc8) Importer(815301076,1909f56bfc062723c751e8b465ee728b) (PreviewImporter) -> (artifact id: '5954cef206953321f42f58273bb93721') in 0.001109 seconds
Number of updated asset objects reloaded before import = 0Number of asset objects unloaded after import = 0

========================================================================
Received Prepare
Refreshing native plugins compatible for Editor in 2.00 ms, found 3 plugins.
Preloading 0 native plugins for Editor in 0.00 ms.
Unloading 16 Unused Serialized files (Serialized files now loaded: 0)
Unloading 6215 unused Assets / (4.9 MB). Loaded Objects now: 7219.
Memory consumption went from 158.5 MB to 153.6 MB.
Total: 18.798600 ms (FindLiveObjects: 1.220600 ms CreateObjectMapping: 1.401800 ms MarkObjects: 10.562600 ms  DeleteObjects: 5.610700 ms)

Prepare: number of updated asset objects reloaded= 0
========================================================================
Received Prepare
Refreshing native plugins compatible for Editor in 1.87 ms, found 3 plugins.
Preloading 0 native plugins for Editor in 0.00 ms.
Unloading 16 Unused Serialized files (Serialized files now loaded: 0)
Unloading 6214 unused Assets / (3.8 MB). Loaded Objects now: 7218.
Memory consumption went from 158.5 MB to 154.7 MB.
Total: 14.672400 ms (FindLiveObjects: 1.148200 ms CreateObjectMapping: 1.285600 ms MarkObjects: 9.260800 ms  DeleteObjects: 2.975900 ms)

Prepare: number of updated asset objects reloaded= 0
========================================================================
Received Prepare
Begin MonoManager ReloadAssembly
[Licensing::Client] Successfully resolved entitlement details
[Licensing::Module] License group:
  Id: F4-2FPQ-QBGW-HGYZ-P72Y-XXXX
  Product: Unity Personal
  Type: ULF
  Expiration: Unlimited
[Licensing::Module] License group:
  Id: 4673695811053-UnityPersXXXX
  Product: Unity Personal
  Type: Assigned
  Expiration: Unlimited
- Loaded All Assemblies, in  1.177 seconds
Refreshing native plugins compatible for Editor in 1.98 ms, found 3 plugins.
Native extension for WindowsStandalone target not found
[Package Manager] Failed to launch server process. Reason: Unity was launched with the -noUpm command-line argument
[Package Manager] Unable to send message (not connected to server process).
[Package Manager] Cannot connect to Unity Package Manager local server
ScheduleIndexationOnStartup MainProcess:False IndexOnStartup:True
Mono: successfully reloaded assembly
- Finished resetting the current domain, in  1.051 seconds
Domain Reload Profiling: 2226ms
	BeginReloadAssembly (345ms)
		ExecutionOrderSort (0ms)
		DisableScriptedObjects (31ms)
		BackupInstance (0ms)
		ReleaseScriptingObjects (0ms)
		CreateAndSetChildDomain (97ms)
	RebuildCommonClasses (49ms)
	RebuildNativeTypeToScriptingClass (16ms)
	initialDomainReloadingComplete (41ms)
	LoadAllAssembliesAndSetupDomain (722ms)
		LoadAssemblies (610ms)
		RebuildTransferFunctionScriptingTraits (0ms)
		AnalyzeDomain (247ms)
			TypeCache.Refresh (14ms)
				TypeCache.ScanAssembly (0ms)
			BuildScriptInfoCaches (215ms)
			ResolveRequiredComponents (12ms)
	FinalizeReload (1052ms)
		ReleaseScriptCaches (0ms)
		RebuildScriptCaches (0ms)
		SetupLoadedEditorAssemblies (827ms)
			LogAssemblyErrors (0ms)
			InitializePlatformSupportModulesInManaged (2ms)
			SetLoadedEditorAssemblies (6ms)
			BeforeProcessingInitializeOnLoad (215ms)
			ProcessInitializeOnLoadAttributes (494ms)
			ProcessInitializeOnLoadMethodAttributes (97ms)
			AfterProcessingInitializeOnLoad (12ms)
			EditorAssembliesLoaded (1ms)
		ExecutionOrderSort2 (0ms)
		AwakeInstancesAfterBackupRestoration (27ms)
Refreshing native plugins compatible for Editor in 3.23 ms, found 3 plugins.
Preloading 0 native plugins for Editor in 0.00 ms.
Unloading 16 Unused Serialized files (Serialized files now loaded: 0)
Unloading 6220 unused Assets / (4.1 MB). Loaded Objects now: 7129.
Memory consumption went from 153.4 MB to 149.3 MB.
Total: 17.940000 ms (FindLiveObjects: 1.849900 ms CreateObjectMapping: 1.407300 ms MarkObjects: 9.985500 ms  DeleteObjects: 4.691600 ms)

Prepare: number of updated asset objects reloaded= 0
========================================================================
Received Import Request.
  Time since last request: 44.159606 seconds.
  path: Assets/Rope/Rope.prefab
  artifactKey: Guid(0793ba72d5d4e00458aa2d80593352fb) Importer(815301076,1909f56bfc062723c751e8b465ee728b)
Start importing Assets/Rope/Rope.prefab using Guid(0793ba72d5d4e00458aa2d80593352fb) Importer(815301076,1909f56bfc062723c751e8b465ee728b) (PreviewImporter) -> (artifact id: '200dd006e38f9613c126b0127cba3588') in 0.699299 seconds
Number of updated asset objects reloaded before import = 0Number of asset objects unloaded after import = 17

========================================================================
Received Import Request.
  Time since last request: 12.017620 seconds.
  path: Assets/Scripts/RopeScript.cs
  artifactKey: Guid(86da4051acd335140bdc0cbf5769cff4) Importer(815301076,1909f56bfc062723c751e8b465ee728b)
Start importing Assets/Scripts/RopeScript.cs using Guid(86da4051acd335140bdc0cbf5769cff4) Importer(815301076,1909f56bfc062723c751e8b465ee728b) (PreviewImporter) -> (artifact id: '2d103d8c777f7f434717edecdb2022ee') in 0.0009883 seconds
Number of updated asset objects reloaded before import = 0Number of asset objects unloaded after import = 0

========================================================================
Received Prepare
Refreshing native plugins compatible for Editor in 1.79 ms, found 3 plugins.
Preloading 0 native plugins for Editor in 0.00 ms.
Unloading 16 Unused Serialized files (Serialized files now loaded: 0)
Unloading 6215 unused Assets / (4.6 MB). Loaded Objects now: 7241.
Memory consumption went from 158.3 MB to 153.8 MB.
Total: 15.833600 ms (FindLiveObjects: 1.090300 ms CreateObjectMapping: 1.305100 ms MarkObjects: 9.795200 ms  DeleteObjects: 3.640900 ms)

Prepare: number of updated asset objects reloaded= 0
========================================================================
Received Import Request.
  Time since last request: 13.200079 seconds.
  path: Assets/Scripts/InteractableObject.cs
  artifactKey: Guid(86da4051acd335140bdc0cbf5769cff4) Importer(815301076,1909f56bfc062723c751e8b465ee728b)
Start importing Assets/Scripts/InteractableObject.cs using Guid(86da4051acd335140bdc0cbf5769cff4) Importer(815301076,1909f56bfc062723c751e8b465ee728b) (PreviewImporter) -> (artifact id: '199ac246f1df3feef2feb15968b11225') in 0.0009647 seconds
Number of updated asset objects reloaded before import = 0Number of asset objects unloaded after import = 0

========================================================================
Received Prepare
Begin MonoManager ReloadAssembly
- Loaded All Assemblies, in  1.225 seconds
Refreshing native plugins compatible for Editor in 3.07 ms, found 3 plugins.
Native extension for WindowsStandalone target not found
[Package Manager] Failed to launch server process. Reason: Unity was launched with the -noUpm command-line argument
[Package Manager] Unable to send message (not connected to server process).
[Package Manager] Cannot connect to Unity Package Manager local server
ScheduleIndexationOnStartup MainProcess:False IndexOnStartup:True
Mono: successfully reloaded assembly
- Finished resetting the current domain, in  1.079 seconds
Domain Reload Profiling: 2303ms
	BeginReloadAssembly (358ms)
		ExecutionOrderSort (0ms)
		DisableScriptedObjects (31ms)
		BackupInstance (0ms)
		ReleaseScriptingObjects (0ms)
		CreateAndSetChildDomain (103ms)
	RebuildCommonClasses (46ms)
	RebuildNativeTypeToScriptingClass (17ms)
	initialDomainReloadingComplete (44ms)
	LoadAllAssembliesAndSetupDomain (758ms)
		LoadAssemblies (622ms)
		RebuildTransferFunctionScriptingTraits (0ms)
		AnalyzeDomain (285ms)
			TypeCache.Refresh (15ms)
				TypeCache.ScanAssembly (0ms)
			BuildScriptInfoCaches (250ms)
			ResolveRequiredComponents (14ms)
	FinalizeReload (1080ms)
		ReleaseScriptCaches (0ms)
		RebuildScriptCaches (0ms)
		SetupLoadedEditorAssemblies (834ms)
			LogAssemblyErrors (0ms)
			InitializePlatformSupportModulesInManaged (2ms)
			SetLoadedEditorAssemblies (8ms)
			BeforeProcessingInitializeOnLoad (201ms)
			ProcessInitializeOnLoadAttributes (513ms)
			ProcessInitializeOnLoadMethodAttributes (99ms)
			AfterProcessingInitializeOnLoad (10ms)
			EditorAssembliesLoaded (1ms)
		ExecutionOrderSort2 (0ms)
		AwakeInstancesAfterBackupRestoration (28ms)
Refreshing native plugins compatible for Editor in 3.01 ms, found 3 plugins.
Preloading 0 native plugins for Editor in 0.00 ms.
Unloading 16 Unused Serialized files (Serialized files now loaded: 0)
Unloading 6220 unused Assets / (4.3 MB). Loaded Objects now: 7152.
Memory consumption went from 153.4 MB to 149.2 MB.
Total: 17.456100 ms (FindLiveObjects: 1.166200 ms CreateObjectMapping: 1.233300 ms MarkObjects: 9.837000 ms  DeleteObjects: 5.211000 ms)

Prepare: number of updated asset objects reloaded= 0
========================================================================
Received Import Request.
  Time since last request: 11.339664 seconds.
  path: Assets/Scripts/InteractableObject.cs
  artifactKey: Guid(86da4051acd335140bdc0cbf5769cff4) Importer(815301076,1909f56bfc062723c751e8b465ee728b)
Start importing Assets/Scripts/InteractableObject.cs using Guid(86da4051acd335140bdc0cbf5769cff4) Importer(815301076,1909f56bfc062723c751e8b465ee728b) (PreviewImporter) -> (artifact id: 'c545113816f0357efbf3bbeb232e0e92') in 0.010352 seconds
Number of updated asset objects reloaded before import = 0Number of asset objects unloaded after import = 0

========================================================================
Received Import Request.
  Time since last request: 4.697338 seconds.
  path: Assets/Rope/Rope.prefab
  artifactKey: Guid(0793ba72d5d4e00458aa2d80593352fb) Importer(815301076,1909f56bfc062723c751e8b465ee728b)
Start importing Assets/Rope/Rope.prefab using Guid(0793ba72d5d4e00458aa2d80593352fb) Importer(815301076,1909f56bfc062723c751e8b465ee728b) (PreviewImporter) -> (artifact id: '2eb68a5646bcfd6038f2a5e4e450f8a0') in 0.7506314 seconds
Number of updated asset objects reloaded before import = 0Number of asset objects unloaded after import = 17

========================================================================
Received Import Request.
  Time since last request: 6.786067 seconds.
  path: Assets/Rope/Rope.prefab
  artifactKey: Guid(0793ba72d5d4e00458aa2d80593352fb) Importer(815301076,1909f56bfc062723c751e8b465ee728b)
Start importing Assets/Rope/Rope.prefab using Guid(0793ba72d5d4e00458aa2d80593352fb) Importer(815301076,1909f56bfc062723c751e8b465ee728b) (PreviewImporter) -> (artifact id: '2b26c9cb13e93d66746a8d00e88ee6b4') in 0.0288128 seconds
Number of updated asset objects reloaded before import = 0Number of asset objects unloaded after import = 16

========================================================================
Received Import Request.
  Time since last request: 6.318630 seconds.
  path: Assets/Rope/Rope.prefab
  artifactKey: Guid(0793ba72d5d4e00458aa2d80593352fb) Importer(815301076,1909f56bfc062723c751e8b465ee728b)
Start importing Assets/Rope/Rope.prefab using Guid(0793ba72d5d4e00458aa2d80593352fb) Importer(815301076,1909f56bfc062723c751e8b465ee728b) (PreviewImporter) -> (artifact id: '49c9c23ec0d457d5573db44133034637') in 0.0322533 seconds
Number of updated asset objects reloaded before import = 0Number of asset objects unloaded after import = 17

========================================================================
Received Import Request.
  Time since last request: 25.462643 seconds.
  path: Assets/Rope/Rope.prefab
  artifactKey: Guid(0793ba72d5d4e00458aa2d80593352fb) Importer(815301076,1909f56bfc062723c751e8b465ee728b)
Start importing Assets/Rope/Rope.prefab using Guid(0793ba72d5d4e00458aa2d80593352fb) Importer(815301076,1909f56bfc062723c751e8b465ee728b) (PreviewImporter) -> (artifact id: 'e3a5217b2bc5ec10632ae9675a7247bd') in 0.0230399 seconds
Number of updated asset objects reloaded before import = 0Number of asset objects unloaded after import = 17

========================================================================
Received Import Request.
  Time since last request: 31.378988 seconds.
  path: Assets/Rope/Rope.prefab
  artifactKey: Guid(0793ba72d5d4e00458aa2d80593352fb) Importer(815301076,1909f56bfc062723c751e8b465ee728b)
Start importing Assets/Rope/Rope.prefab using Guid(0793ba72d5d4e00458aa2d80593352fb) Importer(815301076,1909f56bfc062723c751e8b465ee728b) (PreviewImporter) -> (artifact id: '8ab6ac7e54bf29c5de397bb489b89324') in 0.0235735 seconds
Number of updated asset objects reloaded before import = 0Number of asset objects unloaded after import = 17

========================================================================
Received Import Request.
  Time since last request: 15.049515 seconds.
  path: Assets/Rope/Rope.prefab
  artifactKey: Guid(0793ba72d5d4e00458aa2d80593352fb) Importer(815301076,1909f56bfc062723c751e8b465ee728b)
Start importing Assets/Rope/Rope.prefab using Guid(0793ba72d5d4e00458aa2d80593352fb) Importer(815301076,1909f56bfc062723c751e8b465ee728b) (PreviewImporter) -> (artifact id: '208d234e664c4f7b70f72714525352b6') in 0.023538 seconds
Number of updated asset objects reloaded before import = 0Number of asset objects unloaded after import = 17

========================================================================
Received Import Request.
  Time since last request: 9.680537 seconds.
  path: Assets/Plank/plank.prefab
  artifactKey: Guid(503f50dcb24ea5f49a49a18bf4e2a07d) Importer(815301076,1909f56bfc062723c751e8b465ee728b)
Start importing Assets/Plank/plank.prefab using Guid(503f50dcb24ea5f49a49a18bf4e2a07d) Importer(815301076,1909f56bfc062723c751e8b465ee728b) (PreviewImporter) -> (artifact id: 'b4af119ce39e0b6cde7e609bcff3b6c5') in 0.017617 seconds
Number of updated asset objects reloaded before import = 0Number of asset objects unloaded after import = 16

========================================================================
Received Import Request.
  Time since last request: 4.880954 seconds.
  path: Assets/Plank/plank.prefab
  artifactKey: Guid(503f50dcb24ea5f49a49a18bf4e2a07d) Importer(815301076,1909f56bfc062723c751e8b465ee728b)
Start importing Assets/Plank/plank.prefab using Guid(503f50dcb24ea5f49a49a18bf4e2a07d) Importer(815301076,1909f56bfc062723c751e8b465ee728b) (PreviewImporter) -> (artifact id: '9951e37b385cbd46bbec4109d148ab35') in 0.0138959 seconds
Number of updated asset objects reloaded before import = 0Number of asset objects unloaded after import = 17

========================================================================
Received Import Request.
  Time since last request: 40.693736 seconds.
  path: Assets/Plank/plank.prefab
  artifactKey: Guid(503f50dcb24ea5f49a49a18bf4e2a07d) Importer(815301076,1909f56bfc062723c751e8b465ee728b)
Start importing Assets/Plank/plank.prefab using Guid(503f50dcb24ea5f49a49a18bf4e2a07d) Importer(815301076,1909f56bfc062723c751e8b465ee728b) (PreviewImporter) -> (artifact id: 'cb5d3d58ae5e56fdc1b4863b11e9ed99') in 0.0139503 seconds
Number of updated asset objects reloaded before import = 0Number of asset objects unloaded after import = 17

========================================================================
Received Import Request.
  Time since last request: 47.498983 seconds.
  path: Assets/Rock/low-poly-rock
  artifactKey: Guid(7eed69c70351aaf48968168020644243) Importer(815301076,1909f56bfc062723c751e8b465ee728b)
Start importing Assets/Rock/low-poly-rock using Guid(7eed69c70351aaf48968168020644243) Importer(815301076,1909f56bfc062723c751e8b465ee728b) (PreviewImporter) -> (artifact id: 'd13d1bc60f2184ccf07da937afaa5b8f') in 0.001365 seconds
Number of updated asset objects reloaded before import = 0Number of asset objects unloaded after import = 0

========================================================================
Received Import Request.
  Time since last request: 2.158176 seconds.
  path: Assets/Rock/low-poly-rock/source
  artifactKey: Guid(56f4e57cdc37e134d91d287717de1fd1) Importer(815301076,1909f56bfc062723c751e8b465ee728b)
Start importing Assets/Rock/low-poly-rock/source using Guid(56f4e57cdc37e134d91d287717de1fd1) Importer(815301076,1909f56bfc062723c751e8b465ee728b) (PreviewImporter) -> (artifact id: 'c99b1cf10d7c5530acbf05c53de06f4f') in 0.0009315 seconds
Number of updated asset objects reloaded before import = 0Number of asset objects unloaded after import = 0

========================================================================
Received Import Request.
  Time since last request: 0.701094 seconds.
  path: Assets/Rock/low-poly-rock/source/rock.glb
  artifactKey: Guid(54beea2b3fda62a44a0c023aa74ee08e) Importer(815301076,1909f56bfc062723c751e8b465ee728b)
Start importing Assets/Rock/low-poly-rock/source/rock.glb using Guid(54beea2b3fda62a44a0c023aa74ee08e) Importer(815301076,1909f56bfc062723c751e8b465ee728b) (PreviewImporter) -> (artifact id: '9ad9d6d80c56079fb4745ab23c294f71') in 0.0019902 seconds
Number of updated asset objects reloaded before import = 0Number of asset objects unloaded after import = 1

========================================================================
Received Prepare
Begin MonoManager ReloadAssembly
[Licensing::Client] Successfully resolved entitlement details
[Licensing::Module] License group:
  Id: F4-2FPQ-QBGW-HGYZ-P72Y-XXXX
  Product: Unity Personal
  Type: ULF
  Expiration: Unlimited
[Licensing::Module] License group:
  Id: 4673695811053-UnityPersXXXX
  Product: Unity Personal
  Type: Assigned
  Expiration: Unlimited
- Loaded All Assemblies, in  1.096 seconds
Refreshing native plugins compatible for Editor in 2.11 ms, found 3 plugins.
Native extension for WindowsStandalone target not found
[Package Manager] Failed to launch server process. Reason: Unity was launched with the -noUpm command-line argument
[Package Manager] Unable to send message (not connected to server process).
[Package Manager] Cannot connect to Unity Package Manager local server
ScheduleIndexationOnStartup MainProcess:False IndexOnStartup:True
Mono: successfully reloaded assembly
- Finished resetting the current domain, in  0.919 seconds
Domain Reload Profiling: 2013ms
	BeginReloadAssembly (325ms)
		ExecutionOrderSort (0ms)
		DisableScriptedObjects (32ms)
		BackupInstance (0ms)
		ReleaseScriptingObjects (0ms)
		CreateAndSetChildDomain (82ms)
	RebuildCommonClasses (46ms)
	RebuildNativeTypeToScriptingClass (17ms)
	initialDomainReloadingComplete (43ms)
	LoadAllAssembliesAndSetupDomain (662ms)
		LoadAssemblies (552ms)
		RebuildTransferFunctionScriptingTraits (0ms)
		AnalyzeDomain (243ms)
			TypeCache.Refresh (8ms)
				TypeCache.ScanAssembly (0ms)
			BuildScriptInfoCaches (217ms)
			ResolveRequiredComponents (12ms)
	FinalizeReload (919ms)
		ReleaseScriptCaches (0ms)
		RebuildScriptCaches (0ms)
		SetupLoadedEditorAssemblies (708ms)
			LogAssemblyErrors (0ms)
			InitializePlatformSupportModulesInManaged (2ms)
			SetLoadedEditorAssemblies (6ms)
			BeforeProcessingInitializeOnLoad (196ms)
			ProcessInitializeOnLoadAttributes (415ms)
			ProcessInitializeOnLoadMethodAttributes (80ms)
			AfterProcessingInitializeOnLoad (9ms)
			EditorAssembliesLoaded (0ms)
		ExecutionOrderSort2 (0ms)
		AwakeInstancesAfterBackupRestoration (24ms)
Refreshing native plugins compatible for Editor in 2.73 ms, found 3 plugins.
Preloading 0 native plugins for Editor in 0.00 ms.
Unloading 16 Unused Serialized files (Serialized files now loaded: 0)
Unloading 6221 unused Assets / (4.3 MB). Loaded Objects now: 7175.
Memory consumption went from 153.5 MB to 149.2 MB.
Total: 18.254000 ms (FindLiveObjects: 1.484500 ms CreateObjectMapping: 2.268100 ms MarkObjects: 9.160000 ms  DeleteObjects: 5.339400 ms)

Prepare: number of updated asset objects reloaded= 0
